0 verbose cli C:\Users\l'x\.workbuddy\binaries\node\versions\22.22.2\node.exe C:\Users\l'x\.workbuddy\binaries\node\versions\22.22.2\node_modules\npm\bin\npm-cli.js
1 info using npm@10.9.7
2 info using node@v22.22.2
3 silly config load:file:C:\Users\l'x\.workbuddy\binaries\node\versions\22.22.2\node_modules\npm\npmrc
4 silly config load:file:C:\Users\l'x\WorkBuddy\2026-08-14-23-01-31\dsh-plugin-education\.npmrc
5 silly config load:file:F:\AI-2026\dsh-xiaoxiaoplugins\.npmrc-temp
6 silly config load:file:C:\Users\l'x\.workbuddy\binaries\node\versions\22.22.2\etc\npmrc
7 verbose title npm pack
8 verbose argv "pack" "--dry-run" "--ignore-scripts" "--cache" "C:\\Users\\l'x\\WorkBuddy\\2026-08-14-23-01-31\\dsh-plugin-education\\.npm-cache-pub"
9 verbose logfile logs-max:10 dir:C:\Users\l'x\WorkBuddy\2026-08-14-23-01-31\dsh-plugin-education\.npm-cache-pub\_logs\2026-08-19T15_44_28_130Z-
10 verbose logfile C:\Users\l'x\WorkBuddy\2026-08-14-23-01-31\dsh-plugin-education\.npm-cache-pub\_logs\2026-08-19T15_44_28_130Z-debug-0.log
11 silly logfile done cleaning log files
12 silly packumentCache heap:4345298944 maxSize:1086324736 maxEntrySize:543162368
13 notice
14 notice package: dsh-plugin-education@0.2.0
15 notice Tarball Contents
16 notice 1.1kB LICENSE
16 notice 1.8kB README.md
16 notice 1.4kB README.zh.md
16 notice 380B cordis.patch.yml
16 notice 12.6kB lib/education.js
16 notice 7.2kB lib/index.js
16 notice 1.5kB package.json
17 notice Tarball Details
18 notice name: dsh-plugin-education
19 notice version: 0.2.0
20 notice filename: dsh-plugin-education-0.2.0.tgz
21 notice package size: 10.0 kB
22 notice unpacked size: 26.1 kB
23 notice shasum: c1ee22d58b3c1735bf5c3fde15b022fce7fd863c
24 notice integrity: sha512-xil/ylk7NfkGH[...]DJ1NUS7IM34YA==
25 notice total files: 7
26 notice
27 verbose cwd C:\Users\l'x\WorkBuddy\2026-08-14-23-01-31\dsh-plugin-education
28 verbose os Windows_NT 10.0.26200
29 verbose node v22.22.2
30 verbose npm  v10.9.7
31 verbose exit 0
32 info ok
