0 verbose cli C:\Users\l'x\.workbuddy\binaries\node\versions\22.22.2\node.exe C:\Users\l'x\.workbuddy\binaries\node\versions\22.22.2\node_modules\npm\bin\npm-cli.js
1 info using npm@10.9.7
2 info using node@v22.22.2
3 silly config load:file:C:\Users\l'x\.workbuddy\binaries\node\versions\22.22.2\node_modules\npm\npmrc
4 silly config load:file:C:\Users\l'x\WorkBuddy\2026-08-14-23-01-31\dsh-plugin-education\.npmrc
5 silly config load:file:F:\AI-2026\dsh-xiaoxiaoplugins\.npmrc-temp
6 silly config load:file:C:\Users\l'x\.workbuddy\binaries\node\versions\22.22.2\etc\npmrc
7 verbose title npm publish
8 verbose argv "publish" "--ignore-scripts" "--cache" "C:\\Users\\l'x\\WorkBuddy\\2026-08-14-23-01-31\\dsh-plugin-education\\.npm-cache-pub2" "--registry" "https://registry.npmjs.org"
9 verbose logfile logs-max:10 dir:C:\Users\l'x\WorkBuddy\2026-08-14-23-01-31\dsh-plugin-education\.npm-cache-pub2\_logs\2026-08-19T15_44_52_235Z-
10 verbose logfile C:\Users\l'x\WorkBuddy\2026-08-14-23-01-31\dsh-plugin-education\.npm-cache-pub2\_logs\2026-08-19T15_44_52_235Z-debug-0.log
11 silly logfile done cleaning log files
12 verbose publish [ '.' ]
13 silly packumentCache heap:4345298944 maxSize:1086324736 maxEntrySize:543162368
14 notice
15 notice package: dsh-plugin-education@0.2.0
16 notice Tarball Contents
17 notice 1.1kB LICENSE
17 notice 1.8kB README.md
17 notice 1.4kB README.zh.md
17 notice 380B cordis.patch.yml
17 notice 12.6kB lib/education.js
17 notice 7.2kB lib/index.js
17 notice 1.5kB package.json
18 notice Tarball Details
19 notice name: dsh-plugin-education
20 notice version: 0.2.0
21 notice filename: dsh-plugin-education-0.2.0.tgz
22 notice package size: 10.0 kB
23 notice unpacked size: 26.1 kB
24 notice shasum: c1ee22d58b3c1735bf5c3fde15b022fce7fd863c
25 notice integrity: sha512-xil/ylk7NfkGH[...]DJ1NUS7IM34YA==
26 notice total files: 7
27 notice
28 notice Publishing to https://registry.npmjs.org/ with tag latest and public access
29 http fetch PUT 200 https://registry.npmjs.org/dsh-plugin-education 2241ms
30 verbose cwd C:\Users\l'x\WorkBuddy\2026-08-14-23-01-31\dsh-plugin-education
31 verbose os Windows_NT 10.0.26200
32 verbose node v22.22.2
33 verbose npm  v10.9.7
34 verbose exit 0
35 info ok
